vaishnaviborase@DESKTOP-7QRK0GV:~/linux-git-assignment/project-repo$ cd ~/linux-git-assignment/project-repo
vaishnaviborase@DESKTOP-7QRK0GV:~/linux-git-assignment/project-repo$ git checkout -b feature-branch
Switched to a new branch 'feature-branch'
vaishnaviborase@DESKTOP-7QRK0GV:~/linux-git-assignment/project-repo$ echo "This is a new feature file." > feature.txt
vaishnaviborase@DESKTOP-7QRK0GV:~/linux-git-assignment/project-repo$ git add feature.txt
vaishnaviborase@DESKTOP-7QRK0GV:~/linux-git-assignment/project-repo$ git commit -m "Add feature file"
[feature-branch 66915da] Add feature file
 1 file changed, 1 insertion(+)
 create mode 100644 feature.txt
vaishnaviborase@DESKTOP-7QRK0GV:~/linux-git-assignment/project-repo$ git push origin feature-branch
setsockopt socket 3 IPV6_TCLASS 16: Operation not permitted

setsockopt socket 3 IPV6_TCLASS 8: Operation not permitted
Enumerating objects: 4, done.
Counting objects: 100% (4/4), done.
Delta compression using up to 8 threads
Compressing objects: 100% (2/2), done.
Writing objects: 100% (3/3), 306 bytes | 76.00 KiB/s, done.
Total 3 (delta 0), reused 0 (delta 0), pack-reused 0
remote: This repository moved. Please use the new location:
remote:   git@github.com:vaishnaviborase15/linux-git-assignment.git
remote:
remote: Create a pull request for 'feature-branch' on GitHub by visiting:
remote:      https://github.com/vaishnaviborase15/linux-git-assignment/pull/new/feature-branch
remote:
To github.com:Vaishnaviborase15/linux-git-assignment.git
 * [new branch]      feature-branch -> feature-branch
vaishnaviborase@DESKTOP-7QRK0GV:~/linux-git-assignment/project-repo$
vaishnaviborase@DESKTOP-7QRK0GV:~/linux-git-assignment/project-repo$ git checkout master
Switched to branch 'master'
vaishnaviborase@DESKTOP-7QRK0GV:~/linux-git-assignment/project-repo$ git pull origin master
setsockopt socket 3 IPV6_TCLASS 16: Operation not permitted
setsockopt socket 3 IPV6_TCLASS 8: Operation not permitted
From github.com:Vaishnaviborase15/linux-git-assignment
 * branch            master     -> FETCH_HEAD
Already up to date.
vaishnaviborase@DESKTOP-7QRK0GV:~/linux-git-assignment/project-repo$ git checkout -b new-feature-branch
Switched to a new branch 'new-feature-branch'
vaishnaviborase@DESKTOP-7QRK0GV:~/linux-git-assignment/project-repo$ echo "This is a new feature file." > feature.txt
vaishnaviborase@DESKTOP-7QRK0GV:~/linux-git-assignment/project-repo$ git add feature.txt
vaishnaviborase@DESKTOP-7QRK0GV:~/linux-git-assignment/project-repo$ git commit -m "Add feature file from correct base"
[new-feature-branch 6f2871d] Add feature file from correct base
 1 file changed, 1 insertion(+)
 create mode 100644 feature.txt
vaishnaviborase@DESKTOP-7QRK0GV:~/linux-git-assignment/project-repo$ git push origin new-feature-branch
setsockopt socket 3 IPV6_TCLASS 16: Operation not permitted
setsockopt socket 3 IPV6_TCLASS 8: Operation not permitted
Enumerating objects: 4, done.
Counting objects: 100% (4/4), done.
Delta compression using up to 8 threads
Compressing objects: 100% (2/2), done.
Writing objects: 100% (3/3), 319 bytes | 106.00 KiB/s, done.
Total 3 (delta 0), reused 0 (delta 0), pack-reused 0
remote: This repository moved. Please use the new location:
remote:   git@github.com:vaishnaviborase15/linux-git-assignment.git
remote:
remote: Create a pull request for 'new-feature-branch' on GitHub by visiting:
remote:      https://github.com/vaishnaviborase15/linux-git-assignment/pull/new/new-feature-branch
remote:
To github.com:Vaishnaviborase15/linux-git-assignment.git
 * [new branch]      new-feature-branch -> new-feature-branch
vaishnaviborase@DESKTOP-7QRK0GV:~/linux-git-assignment/project-repo$
