vaishnaviborase@DESKTOP-7QRK0GV:~$ cd linux-git-assignment
vaishnaviborase@DESKTOP-7QRK0GV:~/linux-git-assignment$ ls
basic-linux-commands         terminal-practice     user-management-commands  user_group_management.md.save
linux-file-permissions-demo  terminal_practice.sh  user_group_management.md  user_group_management.sh
vaishnaviborase@DESKTOP-7QRK0GV:~/linux-git-assignment$ cd linux-file-permissions-demo
vaishnaviborase@DESKTOP-7QRK0GV:~/linux-git-assignment/linux-file-permissions-demo$ ls
chmod-practice.sh  chmod-practice.txt  file1.txt  folder1
vaishnaviborase@DESKTOP-7QRK0GV:~/linux-git-assignment/linux-file-permissions-demo$ touch example.txt
vaishnaviborase@DESKTOP-7QRK0GV:~/linux-git-assignment/linux-file-permissions-demo$ ls -l example.txt
-rw-r--r-- 1 vaishnaviborase vaishnaviborase 0 Jun  8 11:37 example.txt
vaishnaviborase@DESKTOP-7QRK0GV:~/linux-git-assignment/linux-file-permissions-demo$ chmod 754 example.txt
vaishnaviborase@DESKTOP-7QRK0GV:~/linux-git-assignment/linux-file-permissions-demo$ ls -l example.txt
-rwxr-xr-- 1 vaishnaviborase vaishnaviborase 0 Jun  8 11:37 example.txt
vaishnaviborase@DESKTOP-7QRK0GV:~/linux-git-assignment/linux-file-permissions-demo$ chmod 626 example.txt
vaishnaviborase@DESKTOP-7QRK0GV:~/linux-git-assignment/linux-file-permissions-demo$ ls -l example.txt
-rw--w-rw- 1 vaishnaviborase vaishnaviborase 0 Jun  8 11:37 example.txt
vaishnaviborase@DESKTOP-7QRK0GV:~/linux-git-assignment/linux-file-permissions-demo$ chmod u+x example.txt
vaishnaviborase@DESKTOP-7QRK0GV:~/linux-git-assignment/linux-file-permissions-demo$ ls -l example.txt
-rwx-w-rw- 1 vaishnaviborase vaishnaviborase 0 Jun  8 11:37 example.txt
vaishnaviborase@DESKTOP-7QRK0GV:~/linux-git-assignment/linux-file-permissions-demo$ chmod g-w example.txt
vaishnaviborase@DESKTOP-7QRK0GV:~/linux-git-assignment/linux-file-permissions-demo$ ls -l example.txt
-rwx---rw- 1 vaishnaviborase vaishnaviborase 0 Jun  8 11:37 example.txt
vaishnaviborase@DESKTOP-7QRK0GV:~/linux-git-assignment/linux-file-permissions-demo$ chmod o+r example.txt
vaishnaviborase@DESKTOP-7QRK0GV:~/linux-git-assignment/linux-file-permissions-demo$ ls -l example.txt
-rwx---rw- 1 vaishnaviborase vaishnaviborase 0 Jun  8 11:37 example.txt
vaishnaviborase@DESKTOP-7QRK0GV:~/linux-git-assignment/linux-file-permissions-demo$ sudo chown newowner example.txt
[sudo] password for vaishnaviborase:
chown: invalid user: ‘newowner’
vaishnaviborase@DESKTOP-7QRK0GV:~/linux-git-assignment/linux-file-permissions-demo$ sudo adduser newowner
info: Adding user `newowner' ...
info: Selecting UID/GID from range 1000 to 59999 ...
info: Adding new group `newowner' (1004) ...
info: Adding new user `newowner' (1004) with group `newowner (1004)' ...
info: Creating home directory `/home/newowner' ...
info: Copying files from `/etc/skel' ...
New password:
Retype new password:
passwd: password updated successfully
Changing the user information for newowner
Enter the new value, or press ENTER for the default
        Full Name []:
        Room Number []:
        Work Phone []:
        Home Phone []:
        Other []:
Is the information correct? [Y/n] y
info: Adding new user `newowner' to supplemental / extra groups `users' ...
info: Adding user `newowner' to group `users' ...
vaishnaviborase@DESKTOP-7QRK0GV:~/linux-git-assignment/linux-file-permissions-demo$ sudo adduser newowner
fatal: The user `newowner' already exists.
vaishnaviborase@DESKTOP-7QRK0GV:~/linux-git-assignment/linux-file-permissions-demo$ sudo chown newowner example.txt
vaishnaviborase@DESKTOP-7QRK0GV:~/linux-git-assignment/linux-file-permissions-demo$ sudo addgroup newgroup
info: Selecting GID from range 1000 to 59999 ...
info: Adding group `newgroup' (GID 1005) ...
vaishnaviborase@DESKTOP-7QRK0GV:~/linux-git-assignment/linux-file-permissions-demo$ sudo chgrp newgroup example.txt
vaishnaviborase@DESKTOP-7QRK0GV:~/linux-git-assignment/linux-file-permissions-demo$ ls -l example.txt
-rwx---rw- 1 newowner newgroup 0 Jun  8 11:37 example.txt
vaishnaviborase@DESKTOP-7QRK0GV:~/linux-git-assignment/linux-file-permissions-demo$
