vaishnaviborase@DESKTOP-7QRK0GV:~/linux-git-assignment$ mkdir practice-terminal
vaishnaviborase@DESKTOP-7QRK0GV:~/linux-git-assignment$ cd practice-terminal
vaishnaviborase@DESKTOP-7QRK0GV:~/linux-git-assignment/practice-terminal$ touch file1.txt file2.txt file3.txt
vaishnaviborase@DESKTOP-7QRK0GV:~/linux-git-assignment/practice-terminal$ mkdir folder1 folder2
vaishnaviborase@DESKTOP-7QRK0GV:~/linux-git-assignment/practice-terminal$ touch folder1/nested1.txt folder2/nested2.txt
vaishnaviborase@DESKTOP-7QRK0GV:~/linux-git-assignment/practice-terminal$ ls
file1.txt  file2.txt  file3.txt  folder1  folder2
vaishnaviborase@DESKTOP-7QRK0GV:~/linux-git-assignment/practice-terminal$ ls -l
total 0
-rw-r--r-- 1 vaishnaviborase vaishnaviborase   0 Jun  8 12:50 file1.txt
-rw-r--r-- 1 vaishnaviborase vaishnaviborase   0 Jun  8 12:50 file2.txt
-rw-r--r-- 1 vaishnaviborase vaishnaviborase   0 Jun  8 12:50 file3.txt
drwxr-xr-x 1 vaishnaviborase vaishnaviborase 512 Jun  8 12:50 folder1
drwxr-xr-x 1 vaishnaviborase vaishnaviborase 512 Jun  8 12:50 folder2
vaishnaviborase@DESKTOP-7QRK0GV:~/linux-git-assignment/practice-terminal$ ls -a
.  ..  file1.txt  file2.txt  file3.txt  folder1  folder2
vaishnaviborase@DESKTOP-7QRK0GV:~/linux-git-assignment/practice-terminal$ ls
file1.txt  file2.txt  file3.txt  folder1  folder2
vaishnaviborase@DESKTOP-7QRK0GV:~/linux-git-assignment/practice-terminal$ cd folder1
vaishnaviborase@DESKTOP-7QRK0GV:~/linux-git-assignment/practice-terminal/folder1$ ls
nested1.txt
vaishnaviborase@DESKTOP-7QRK0GV:~/linux-git-assignment/practice-terminal/folder1$ cd ..
vaishnaviborase@DESKTOP-7QRK0GV:~/linux-git-assignment/practice-terminal$ mv file3.txt folder2/
vaishnaviborase@DESKTOP-7QRK0GV:~/linux-git-assignment/practice-terminal$ ls folder2
file3.txt  nested2.txt
vaishnaviborase@DESKTOP-7QRK0GV:~/linux-git-assignment/practice-terminal$ mv file1.txt renamed_file1.txt
vaishnaviborase@DESKTOP-7QRK0GV:~/linux-git-assignment/practice-terminal$ cp renamed_file1.txt folder1/
vaishnaviborase@DESKTOP-7QRK0GV:~/linux-git-assignment/practice-terminal$ ls folder1
nested1.txt  renamed_file1.txt
vaishnaviborase@DESKTOP-7QRK0GV:~/linux-git-assignment/practice-terminal$ ls -a
.  ..  file2.txt  folder1  folder2  renamed_file1.txt
vaishnaviborase@DESKTOP-7QRK0GV:~/linux-git-assignment/practice-terminal$ tree
.
├── file2.txt
├── folder1
│   ├── nested1.txt
│   └── renamed_file1.txt
├── folder2
│   ├── file3.txt
│   └── nested2.txt
└── renamed_file1.txt

3 directories, 6 files
vaishnaviborase@DESKTOP-7QRK0GV:~/linux-git-assignment/practice-terminal$ rm renamed_file1.txt
vaishnaviborase@DESKTOP-7QRK0GV:~/linux-git-assignment/practice-terminal$ rm folder1/nested1.txt
vaishnaviborase@DESKTOP-7QRK0GV:~/linux-git-assignment/practice-terminal$ rmdir folder1
rmdir: failed to remove 'folder1': Directory not empty
vaishnaviborase@DESKTOP-7QRK0GV:~/linux-git-assignment/practice-terminal$ tree
.
├── file2.txt
├── folder1
│   └── renamed_file1.txt
└── folder2
    ├── file3.txt
    └── nested2.txt

3 directories, 4 files
vaishnaviborase@DESKTOP-7QRK0GV:~/linux-git-assignment/practice-terminal$ nano practice-terminal.txt
vaishnaviborase@DESKTOP-7QRK0GV:~/linux-git-assignment/practice-terminal$ git init
hint: Using 'master' as the name for the initial branch. This default branch name
hint: is subject to change. To configure the initial branch name to use in all
hint: of your new repositories, which will suppress this warning, call:
hint:
hint:   git config --global init.defaultBranch <name>
hint:
hint: Names commonly chosen instead of 'master' are 'main', 'trunk' and
hint: 'development'. The just-created branch can be renamed via this command:
hint:
hint:   git branch -m <name>
Initialized empty Git repository in /home/vaishnaviborase/linux-git-assignment/practice-terminal/.git/
vaishnaviborase@DESKTOP-7QRK0GV:~/linux-git-assignment/practice-terminal$ git add terminal-practice.txt
fatal: pathspec 'terminal-practice.txt' did not match any files
vaishnaviborase@DESKTOP-7QRK0GV:~/linux-git-assignment/practice-terminal$ git add practice-terminal.txt
vaishnaviborase@DESKTOP-7QRK0GV:~/linux-git-assignment/practice-terminal$ git commit -m "Add initial Linux terminal practice commands and notes"
[master (root-commit) 16129c1] Add initial Linux terminal practice commands and notes
 1 file changed, 20 insertions(+)
 create mode 100644 practice-terminal.txt
vaishnaviborase@DESKTOP-7QRK0GV:~/linux-git-assignment/practice-terminal$ cd ..
vaishnaviborase@DESKTOP-7QRK0GV:~/linux-git-assignment$ git add .
warning: adding embedded git repository: practice-terminal
hint: You've added another git repository inside your current repository.
hint: Clones of the outer repository will not contain the contents of
hint: the embedded repository and will not know how to obtain it.
hint: If you meant to add a submodule, use:
hint:
hint:   git submodule add <url> practice-terminal
hint:
hint: If you added this path by mistake, you can remove it from the
hint: index with:
hint:
hint:   git rm --cached practice-terminal
hint:
hint: See "git help submodule" for more information.
vaishnaviborase@DESKTOP-7QRK0GV:~/linux-git-assignment$ git commit -m "Add Linux terminal practice files"
[main ef6ab7a] Add Linux terminal practice files
 5 files changed, 1 insertion(+)
 create mode 100644 linux-basic-demo/dir1/inside_dir1.txt
 create mode 100644 linux-basic-demo/file1.txt
 create mode 100644 linux-basic-demo/notes.md
 create mode 100644 linux-basic-demo/project/src/main.py
 create mode 160000 practice-terminal
vaishnaviborase@DESKTOP-7QRK0GV:~/linux-git-assignment$ git remote add origin https://github.com/vaishnaviborase15/linux-git-assignment.git
error: remote origin already exists.
vaishnaviborase@DESKTOP-7QRK0GV:~/linux-git-assignment$ git push -u origin main
setsockopt socket 3 IPV6_TCLASS 16: Operation not permitted
Enter passphrase for key '/home/vaishnaviborase/.ssh/id_rsa':
setsockopt socket 3 IPV6_TCLASS 8: Operation not permitted
Enumerating objects: 9, done.
Counting objects: 100% (9/9), done.
Delta compression using up to 8 threads
Compressing objects: 100% (3/3), done.
Writing objects: 100% (7/7), 632 bytes | 158.00 KiB/s, done.
Total 7 (delta 1), reused 0 (delta 0), pack-reused 0
remote: Resolving deltas: 100% (1/1), completed with 1 local object.
To github.com:vaishnaviborase15/linux-git-assignment.git
   235efe2..ef6ab7a  main -> main
branch 'main' set up to track 'origin/main'.
vaishnaviborase@DESKTOP-7QRK0GV:~/linux-git-assignment$
