vaishnaviborase@DESKTOP-7QRK0GV:~$ git --version
git version 2.43.0
vaishnaviborase@DESKTOP-7QRK0GV:~$ sudo apt update
[sudo] password for vaishnaviborase:
Sorry, try again.
[sudo] password for vaishnaviborase:
Get:1 http://security.ubuntu.com/ubuntu noble-security InRelease [126 kB]
Hit:2 http://archive.ubuntu.com/ubuntu noble InRelease
Get:3 http://archive.ubuntu.com/ubuntu noble-updates InRelease [126 kB]
Get:4 http://security.ubuntu.com/ubuntu noble-security/main amd64 Components [21.5 kB]
Get:5 http://security.ubuntu.com/ubuntu noble-security/universe amd64 Components [52.2 kB]
Get:6 http://archive.ubuntu.com/ubuntu noble-backports InRelease [126 kB]
Get:7 http://security.ubuntu.com/ubuntu noble-security/restricted amd64 Components [212 B]
Get:8 http://security.ubuntu.com/ubuntu noble-security/multiverse amd64 Components [212 B]
Get:9 http://archive.ubuntu.com/ubuntu noble-updates/main amd64 Packages [1113 kB]
Get:10 http://archive.ubuntu.com/ubuntu noble-updates/main amd64 Components [161 kB]
Get:11 http://archive.ubuntu.com/ubuntu noble-updates/universe amd64 Packages [1078 kB]
Get:12 http://archive.ubuntu.com/ubuntu noble-updates/universe amd64 Components [376 kB]
Get:13 http://archive.ubuntu.com/ubuntu noble-updates/restricted amd64 Packages [1173 kB]
Get:14 http://archive.ubuntu.com/ubuntu noble-updates/restricted amd64 Components [212 B]
Get:15 http://archive.ubuntu.com/ubuntu noble-updates/multiverse amd64 Components [940 B]
Get:16 http://archive.ubuntu.com/ubuntu noble-backports/main amd64 Components [7076 B]
Get:17 http://archive.ubuntu.com/ubuntu noble-backports/universe amd64 Components [16.4 kB]
Get:18 http://archive.ubuntu.com/ubuntu noble-backports/restricted amd64 Components [216 B]
Get:19 http://archive.ubuntu.com/ubuntu noble-backports/multiverse amd64 Components [212 B]
Fetched 4380 kB in 9s (490 kB/s)
Reading package lists... Done
Building dependency tree... Done
Reading state information... Done
166 packages can be upgraded. Run 'apt list --upgradable' to see them.
vaishnaviborase@DESKTOP-7QRK0GV:~$ sudo apt install git
Reading package lists... Done
Building dependency tree... Done
Reading state information... Done
git is already the newest version (1:2.43.0-1ubuntu7.2).
git set to manually installed.
0 upgraded, 0 newly installed, 0 to remove and 166 not upgraded.
vaishnaviborase@DESKTOP-7QRK0GV:~$ git config --global user.name "vaishnaviborase15"
vaishnaviborase@DESKTOP-7QRK0GV:~$ git config --global user.email "vaishnaviborase.clg@gmail.com"
vaishnaviborase@DESKTOP-7QRK0GV:~$ git config --global init.defaultBranch main
vaishnaviborase@DESKTOP-7QRK0GV:~$ cd ~/linux-git-assignment
vaishnaviborase@DESKTOP-7QRK0GV:~/linux-git-assignment$
vaishnaviborase@DESKTOP-7QRK0GV:~/linux-git-assignment$ git init
Reinitialized existing Git repository in /home/vaishnaviborase/linux-git-assignment/.git/
vaishnaviborase@DESKTOP-7QRK0GV:~/linux-git-assignment$ git add .
vaishnaviborase@DESKTOP-7QRK0GV:~/linux-git-assignment$ git commit -m "Initial commit for Linux-Git assignment"
[main 6c7ce01] Initial commit for Linux-Git assignment
 3 files changed, 22 insertions(+), 1 deletion(-)
 create mode 100644 practice-dir/file2.txt
 create mode 100755 practice-dir/subdir1/file1.txt
vaishnaviborase@DESKTOP-7QRK0GV:~/linux-git-assignment$ git remote add origin https://github.com/Vaishnaviborase15/linux-git-assignment.git
error: remote origin already exists.
vaishnaviborase@DESKTOP-7QRK0GV:~/linux-git-assignment$ git push -u origin main
setsockopt socket 3 IPV6_TCLASS 16: Operation not permitted
Enter passphrase for key '/home/vaishnaviborase/.ssh/id_rsa':
setsockopt socket 3 IPV6_TCLASS 8: Operation not permitted
Enumerating objects: 11, done.
Counting objects: 100% (11/11), done.
Delta compression using up to 8 threads
Compressing objects: 100% (5/5), done.
Writing objects: 100% (8/8), 1.25 KiB | 212.00 KiB/s, done.
Total 8 (delta 2), reused 0 (delta 0), pack-reused 0
remote: Resolving deltas: 100% (2/2), completed with 2 local objects.
To github.com:vaishnaviborase15/linux-git-assignment.git
   8a2c362..6c7ce01  main -> main
branch 'main' set up to track 'origin/main'.
vaishnaviborase@DESKTOP-7QRK0GV:~/linux-git-assignment$
